// Jest Snapshot v1, https://goo.gl/fbAQLP

exports[`MainContent should match the snapshot 1`] = `
ShallowWrapper {
  "length": 1,
  Symbol(enzyme.__root__): [Circular],
  Symbol(enzyme.__unrendered__): <MainContent />,
  Symbol(enzyme.__renderer__): Object {
    "batchedUpdates": [Function],
    "getNode": [Function],
    "render": [Function],
    "simulateEvent": [Function],
    "unmount": [Function],
  },
  Symbol(enzyme.__node__): Object {
    "instance": null,
    "key": undefined,
    "nodeType": "host",
    "props": Object {
      "children": <div
        className="main-content"
>
        <div
                className="main-content-text"
        >
                <h1
                        className="main-tagline"
                >
                        The Rider's Best Friend
                </h1>
        </div>
</div>,
      "className": "main-content-wrapper",
    },
    "ref": null,
    "rendered": Object {
      "instance": null,
      "key": undefined,
      "nodeType": "host",
      "props": Object {
        "children": <div
          className="main-content-text"
>
          <h1
                    className="main-tagline"
          >
                    The Rider's Best Friend
          </h1>
</div>,
        "className": "main-content",
      },
      "ref": null,
      "rendered": Object {
        "instance": null,
        "key": undefined,
        "nodeType": "host",
        "props": Object {
          "children": <h1
            className="main-tagline"
>
            The Rider's Best Friend
</h1>,
          "className": "main-content-text",
        },
        "ref": null,
        "rendered": Object {
          "instance": null,
          "key": undefined,
          "nodeType": "host",
          "props": Object {
            "children": "The Rider's Best Friend",
            "className": "main-tagline",
          },
          "ref": null,
          "rendered": "The Rider's Best Friend",
          "type": "h1",
        },
        "type": "div",
      },
      "type": "div",
    },
    "type": "div",
  },
  Symbol(enzyme.__nodes__): Array [
    Object {
      "instance": null,
      "key": undefined,
      "nodeType": "host",
      "props": Object {
        "children": <div
          className="main-content"
>
          <div
                    className="main-content-text"
          >
                    <h1
                              className="main-tagline"
                    >
                              The Rider's Best Friend
                    </h1>
          </div>
</div>,
        "className": "main-content-wrapper",
      },
      "ref": null,
      "rendered": Object {
        "instance": null,
        "key": undefined,
        "nodeType": "host",
        "props": Object {
          "children": <div
            className="main-content-text"
>
            <h1
                        className="main-tagline"
            >
                        The Rider's Best Friend
            </h1>
</div>,
          "className": "main-content",
        },
        "ref": null,
        "rendered": Object {
          "instance": null,
          "key": undefined,
          "nodeType": "host",
          "props": Object {
            "children": <h1
              className="main-tagline"
>
              The Rider's Best Friend
</h1>,
            "className": "main-content-text",
          },
          "ref": null,
          "rendered": Object {
            "instance": null,
            "key": undefined,
            "nodeType": "host",
            "props": Object {
              "children": "The Rider's Best Friend",
              "className": "main-tagline",
            },
            "ref": null,
            "rendered": "The Rider's Best Friend",
            "type": "h1",
          },
          "type": "div",
        },
        "type": "div",
      },
      "type": "div",
    },
  ],
  Symbol(enzyme.__options__): Object {
    "adapter": ReactSixteenAdapter {
      "options": Object {
        "enableComponentDidUpdateOnSetState": true,
      },
    },
  },
}
`;
